// Jest Snapshot v1, https://goo.gl/fbAQLP

exports[`<Product /> functions tests the Add To Cart function 1`] = `
<div
  className="products__product col-md-4"
>
  <img
    alt="Winter body"
    src="../images/item1.jpg"
  />
  <h3>
    Winter body
  </h3>
  <div
    className="buttonHolder"
  >
    <button
      className="button addToCart"
      onClick={[Function]}
      type="button"
    />
  </div>
  <p
    className="desc"
  >
    Lorem ipsum dolor sit amet consectetur adipisicing elit. Minima, ex.
  </p>
  <p
    className="price"
  >
    <b>
      Â£110
    </b>
  </p>
</div>
`;
